// Jest Snapshot v1, https://goo.gl/fbAQLP

exports[`UsersList tests users list snapshot 1`] = `
<div>
  <h3>
    Users List
  </h3>
  <table
    className="table"
  >
    <thead
      className="thead-dark"
    >
      <tr>
        <th>
          Username
        </th>
        <th>
          Actions
        </th>
      </tr>
    </thead>
    <tbody />
  </table>
</div>
`;
